
> temp-app@0.1.0 build
> next build

  Γû▓ Next.js 14.2.35
  - Environments: .env.local

   Creating an optimized production build ...
 Γ£ô Compiled successfully
   Linting and checking validity of types ...
Failed to compile.

./_reference/App.tsx:17:85
Type error: Cannot find module './services/geminiService' or its corresponding type declarations.

  15 |     Sparkles
  16 | } from 'lucide-react';
> 17 | import { generateArchitecturalConcept, ConceptFormData, ArchitecturalConcept } from './services/geminiService';
     |                                                                                     ^
  18 |
  19 | type ViewState = 'landing' | 'form' | 'results';
  20 |
Next.js build worker exited with code: 1 and signal: null
